// Jest Snapshot v1, https://goo.gl/fbAQLP

exports[`EventList.vue renders event list 1`] = `
<div>
  <div
    class="row"
  >
    <div
      class="col"
    >
      <h1>
        event.event
      </h1>
    </div>
     
    <!---->
  </div>
   
  <div
    class="row"
  >
    <div
      class="col"
    >
      <!---->
    </div>
  </div>
   
  <div
    class="row"
  >
    <div
      class="col"
    >
      <!---->
       
      <table
        aria-busy="false"
        aria-colcount="4"
        class="table b-table table-hover"
        id="__BVID__7"
        role="table"
      >
        <!---->
        <!---->
        <thead
          class=""
          role="rowgroup"
        >
          <!---->
          <tr
            class=""
            role="row"
          >
            <th
              aria-colindex="1"
              class=""
              role="columnheader"
              scope="col"
            >
              date
            </th>
            <th
              aria-colindex="2"
              class=""
              role="columnheader"
              scope="col"
            >
              name
            </th>
            <th
              aria-colindex="3"
              class=""
              role="columnheader"
              scope="col"
            >
              organizer
            </th>
            <th
              aria-colindex="4"
              class="d-none d-md-table-cell"
              role="columnheader"
              scope="col"
            >
              location
            </th>
          </tr>
        </thead>
        <tbody
          role="rowgroup"
        >
          <!---->
          <tr
            class=""
            role="row"
            tabindex="0"
          >
            <td
              aria-colindex="1"
              class=""
              role="cell"
            >
              <div>
                
            2019-01-22 - 2019-01-24
          
              </div>
            </td>
            <td
              aria-colindex="2"
              class=""
              role="cell"
            >
              
          Demo Champion
          
              <div>
                <ul>
                  <li>
                    
                10m Competition
              
                  </li>
                </ul>
              </div>
            </td>
            <td
              aria-colindex="3"
              class=""
              role="cell"
            >
              LC
            </td>
            <td
              aria-colindex="4"
              class="d-none d-md-table-cell"
              role="cell"
            >
              Village Field
            </td>
          </tr>
          <tr
            class=""
            role="row"
            tabindex="0"
          >
            <td
              aria-colindex="1"
              class=""
              role="cell"
            >
              <div>
                
            2019-01-25
          
              </div>
            </td>
            <td
              aria-colindex="2"
              class=""
              role="cell"
            >
              
          Demo Competition
          
              <div>
                <ul />
              </div>
            </td>
            <td
              aria-colindex="3"
              class=""
              role="cell"
            >
              Village
            </td>
            <td
              aria-colindex="4"
              class="d-none d-md-table-cell"
              role="cell"
            >
              Village
            </td>
          </tr>
          <!---->
          <!---->
        </tbody>
        <!---->
      </table>
       
      <div
        style="display: none;"
      >
        <span
          class="spinner-border"
          role="status"
        >
          <span
            class="sr-only"
          >
            Loading...
          </span>
        </span>
      </div>
    </div>
  </div>
</div>
`;
